------------------------------------------------------------
Timing Analyzer Summary
------------------------------------------------------------

Type  : Slow 1200mV 85C Model Setup 'CLK'
Slack : -4.073
TNS   : -168.547

Type  : Slow 1200mV 85C Model Hold 'CLK'
Slack : 0.384
TNS   : 0.000

Type  : Slow 1200mV 85C Model Recovery 'CLK'
Slack : -1.467
TNS   : -36.247

Type  : Slow 1200mV 85C Model Removal 'CLK'
Slack : 0.966
TNS   : 0.000

Type  : Slow 1200mV 85C Model Minimum Pulse Width 'CLK'
Slack : -3.000
TNS   : -74.960

Type  : Slow 1200mV 0C Model Setup 'CLK'
Slack : -3.733
TNS   : -151.358

Type  : Slow 1200mV 0C Model Hold 'CLK'
Slack : 0.337
TNS   : 0.000

Type  : Slow 1200mV 0C Model Recovery 'CLK'
Slack : -1.216
TNS   : -28.784

Type  : Slow 1200mV 0C Model Removal 'CLK'
Slack : 0.868
TNS   : 0.000

Type  : Slow 1200mV 0C Model Minimum Pulse Width 'CLK'
Slack : -3.000
TNS   : -74.960

Type  : Fast 1200mV 0C Model Setup 'CLK'
Slack : -1.595
TNS   : -59.156

Type  : Fast 1200mV 0C Model Hold 'CLK'
Slack : 0.173
TNS   : 0.000

Type  : Fast 1200mV 0C Model Recovery 'CLK'
Slack : -0.244
TNS   : -2.023

Type  : Fast 1200mV 0C Model Removal 'CLK'
Slack : 0.473
TNS   : 0.000

Type  : Fast 1200mV 0C Model Minimum Pulse Width 'CLK'
Slack : -3.000
TNS   : -63.341

------------------------------------------------------------
